PROVENANCE SUMMARY for files.R 

ENVIRONMENT:
Executed at 2020-07-17T14.34.04EDT 
Total execution time is 1.429 seconds
Script last modified at 2019-08-12T16.53.18EDT 
Executed with R version 4.0.0 (2020-04-24) 
Executed on x86_64-apple-darwin17.0 (64-bit) running macOS Catalina 10.15.5 
Provenance was collected with rdtLite 1.3 
Provenance is stored in /Users/blerner/Documents/Process/DataProvenance/workspace/provSummarizeR/inst/testscripts/prov_files 
Hash algorithm is md5 

LIBRARIES:
base 4.0.0
datasets 4.0.0
ggplot2 3.3.2
graphics 4.0.0
grDevices 4.0.0
methods 4.0.0
stats 4.0.0
utils 4.0.0

SOURCED SCRIPTS:
None

PRE-EXISTING:
None

INPUTS: 
File : /Users/blerner/Documents/Process/DataProvenance/workspace/provSummarizeR/inst/testscripts/warnings.r 
   2019-08-12T16.53.18EDT 
   3c87e73e0d9a01fa6b330e2b11ad0da1 
URL : https://harvardforest.fas.harvard.edu/ 
   2020-07-17T14.34.06EDT 
   aa38261037179175dfcea164002fe017 

OUTPUTS: 
File : /private/var/folders/66/3lfdj29j1wb48v_s298qtbwm0000gn/T/RtmpZdkdfu/file6c9f8623178 
   2020-07-17T14.34.06EDT 
   3c87e73e0d9a01fa6b330e2b11ad0da1 

CONSOLE:
None

ERRORS:
None

