PROVENANCE SUMMARY for prov.R 

ENVIRONMENT:
Executed at 2020-07-17T14.34.10EDT 
Total execution time is 1.446 seconds
Script last modified at 2019-12-06T14.11.01EST 
Executed with R version 4.0.0 (2020-04-24) 
Executed on x86_64-apple-darwin17.0 (64-bit) running macOS Catalina 10.15.5 
Provenance was collected with rdtLite 1.3 
Provenance is stored in /Users/blerner/Documents/Process/DataProvenance/workspace/provSummarizeR/inst/testscripts/prov_prov 
Hash algorithm is md5 

LIBRARIES:
base 4.0.0
datasets 4.0.0
ggplot2 3.3.2
graphics 4.0.0
grDevices 4.0.0
methods 4.0.0
stats 4.0.0
utils 4.0.0

SOURCED SCRIPTS:
/Users/blerner/Documents/Process/DataProvenance/workspace/provSummarizeR/inst/testscripts/script2.r 
   2019-08-12T16.53.18EDT 

PRE-EXISTING:
None

INPUTS: 
File : /Users/blerner/Documents/Process/DataProvenance/workspace/provSummarizeR/inst/testscripts/in.txt 
   2019-08-12T16.53.18EDT 
   732d814761d044c919425662375691de 

OUTPUTS: 
File : /Users/blerner/Documents/Process/DataProvenance/workspace/provSummarizeR/inst/testscripts/out.txt 
   2020-07-17T14.34.12EDT 
   732d814761d044c919425662375691de 

CONSOLE:
In prov.R on line  4 :
   "foo" 
In prov.R on line  5 :
   /Users/blerner/Documents/Process/DataProvenance/workspace/provSummarizeR/inst/testscripts/prov_prov/data/4-output.txt 

ERRORS:
None

